// Jest Snapshot v1, https://goo.gl/fbAQLP

exports[`Title Component should render title 1`] = `
<div>
  <h1
    className="title-container__title"
  >
     Weather Finder 
  </h1>
  <h3
    className="title-container__subtitle"
  >
     Find out temperature, humidity and ohter weather conditions. 
  </h3>
</div>
`;
